2024-09-29 02:20:09,529 - INFO - X Train: (736, 8)
2024-09-29 02:20:09,529 - INFO - X Test: (184, 8)
2024-09-29 02:20:09,529 - INFO - y Train: (736,)
2024-09-29 02:20:09,530 - INFO - y Test: (184,)
2024-09-29 02:20:09,530 - INFO - Train set distribution:
2024-09-29 02:20:09,530 - INFO - Class 1: 407 (55.30%)
2024-09-29 02:20:09,530 - INFO - Class 0: 329 (44.70%)
2024-09-29 02:20:09,530 - INFO - 
Test set distribution:
2024-09-29 02:20:09,530 - INFO - Class 1: 102 (55.43%)
2024-09-29 02:20:09,530 - INFO - Class 0: 82 (44.57%)
2024-09-29 02:20:09,530 - INFO - 
Total samples in train set: 736
2024-09-29 02:20:09,530 - INFO - Total samples in test set: 184
2024-09-29 02:20:09,718 - INFO - Ranked features by correlation with target with Corr:
2024-09-29 02:20:09,718 - INFO - exang      0.373745
cp         0.364670
slope      0.344767
age        0.309624
sex        0.304964
fbs        0.236075
thal       0.064102
restecg    0.055191
dtype: float64
2024-09-29 02:20:10,415 - INFO - Ranked important features:
2024-09-29 02:20:10,415 - INFO - age        0.301257
cp         0.202530
slope      0.118719
exang      0.111826
thal       0.077745
restecg    0.063275
fbs        0.062903
sex        0.061745
dtype: float64
