2024-09-23 19:16:53,071 - INFO - Best parameters for Logistic Regression: {'C': 1, 'class_weight': None, 'dual': False, 'fit_intercept': True, 'intercept_scaling': 1, 'l1_ratio': None, 'max_iter': 5000, 'multi_class': 'auto', 'n_jobs': None, 'penalty': 'l2', 'random_state': None, 'solver': 'lbfgs', 'tol': 0.0001, 'verbose': 0, 'warm_start': False}
2024-09-23 19:16:53,071 - INFO - Cross-validation scores for Logistic Regression: {'accuracy': 0.9148243437047358, 'precision': 0.5143837316238515, 'recall': 0.09133262634762633, 'f1': 0.1550699271817119, 'auc': 0.8289724357330146}
2024-09-23 19:16:53,072 - INFO - Test scores for Logistic Regression: {'accuracy': 0.9155240075673479, 'precision': 0.538543897216274, 'recall': 0.09187214611872146, 'f1': 0.15696676548603528, 'auc': 0.8259060074659612}
2024-09-23 19:16:53,637 - INFO - Classification Report:
              precision    recall  f1-score   support

           0       0.92      0.99      0.96     58484
           1       0.54      0.09      0.16      5475

    accuracy                           0.92     63959
   macro avg       0.73      0.54      0.56     63959
weighted avg       0.89      0.92      0.89     63959

2024-09-23 19:17:28,866 - INFO - Best parameters for Decision Tree: {'ccp_alpha': 0.0, 'class_weight': None, 'criterion': 'gini', 'max_depth': 30, 'max_features': None, 'max_leaf_nodes': None, 'min_impurity_decrease': 0.0, 'min_samples_leaf': 1, 'min_samples_split': 2, 'min_weight_fraction_leaf': 0.0, 'random_state': None, 'splitter': 'best'}
2024-09-23 19:17:28,867 - INFO - Cross-validation scores for Decision Tree: {'accuracy': 0.8682476338409124, 'precision': 0.23504514348233788, 'recall': 0.23915372351019445, 'f1': 0.23706587722538625, 'auc': 0.5986064075880055}
2024-09-23 19:17:28,867 - INFO - Test scores for Decision Tree: {'accuracy': 0.8695101549430103, 'precision': 0.2378082191780822, 'recall': 0.2378082191780822, 'f1': 0.2378082191780822, 'auc': 0.6036160473504208}
2024-09-23 19:17:29,368 - INFO - Classification Report:
              precision    recall  f1-score   support

           0       0.93      0.93      0.93     58484
           1       0.24      0.24      0.24      5475

    accuracy                           0.87     63959
   macro avg       0.58      0.58      0.58     63959
weighted avg       0.87      0.87      0.87     63959

2024-09-23 19:40:24,001 - INFO - Best parameters for Random Forest: {'bootstrap': True, 'ccp_alpha': 0.0, 'class_weight': None, 'criterion': 'gini', 'max_depth': 20, 'max_features': 'sqrt', 'max_leaf_nodes': None, 'max_samples': None, 'min_impurity_decrease': 0.0, 'min_samples_leaf': 1, 'min_samples_split': 2, 'min_weight_fraction_leaf': 0.0, 'n_estimators': 100, 'n_jobs': None, 'oob_score': False, 'random_state': None, 'verbose': 0, 'warm_start': False}
2024-09-23 19:40:24,002 - INFO - Cross-validation scores for Random Forest: {'accuracy': 0.9144686450851266, 'precision': 0.5024709450138238, 'recall': 0.082381989174151, 'f1': 0.14150347623188125, 'auc': 0.8300207437333953}
2024-09-23 19:40:24,002 - INFO - Test scores for Random Forest: {'accuracy': 0.9151331321627918, 'precision': 0.5253505933117584, 'recall': 0.08894977168949772, 'f1': 0.1521399562636676, 'auc': 0.827533576681317}
2024-09-23 19:40:26,389 - INFO - Classification Report:
              precision    recall  f1-score   support

           0       0.92      0.99      0.96     58484
           1       0.53      0.09      0.15      5475

    accuracy                           0.92     63959
   macro avg       0.72      0.54      0.55     63959
weighted avg       0.89      0.92      0.89     63959

2024-09-23 20:05:54,355 - INFO - Best parameters for Gradient Boosting: {'ccp_alpha': 0.0, 'criterion': 'friedman_mse', 'init': None, 'learning_rate': 0.1, 'loss': 'log_loss', 'max_depth': 3, 'max_features': None, 'max_leaf_nodes': None, 'min_impurity_decrease': 0.0, 'min_samples_leaf': 1, 'min_samples_split': 2, 'min_weight_fraction_leaf': 0.0, 'n_estimators': 200, 'n_iter_no_change': None, 'random_state': None, 'subsample': 1.0, 'tol': 0.0001, 'validation_fraction': 0.1, 'verbose': 0, 'warm_start': False}
2024-09-23 20:05:54,355 - INFO - Cross-validation scores for Gradient Boosting: {'accuracy': 0.91610641316782, 'precision': 0.5579172263516542, 'recall': 0.09576225676511285, 'f1': 0.16342765466477757, 'auc': 0.8441462979247316}
2024-09-23 20:05:54,355 - INFO - Test scores for Gradient Boosting: {'accuracy': 0.9166809987648338, 'precision': 0.5822072072072072, 'recall': 0.09442922374429223, 'f1': 0.1625019644821625, 'auc': 0.8404725579239718}
2024-09-23 20:05:54,955 - INFO - Classification Report:
              precision    recall  f1-score   support

           0       0.92      0.99      0.96     58484
           1       0.58      0.09      0.16      5475

    accuracy                           0.92     63959
   macro avg       0.75      0.54      0.56     63959
weighted avg       0.89      0.92      0.89     63959

2024-09-23 20:12:07,260 - INFO - Best parameters for K-Nearest Neighbors: {'algorithm': 'auto', 'leaf_size': 30, 'metric': 'minkowski', 'metric_params': None, 'n_jobs': None, 'n_neighbors': 3, 'p': 2, 'weights': 'distance'}
2024-09-23 20:12:07,260 - INFO - Cross-validation scores for K-Nearest Neighbors: {'accuracy': 0.8900311162880508, 'precision': 0.27564466217316375, 'recall': 0.1748559907653902, 'f1': 0.21396615411346173, 'auc': 0.6631302576893295}
2024-09-23 20:12:07,260 - INFO - Test scores for K-Nearest Neighbors: {'accuracy': 0.8909926671774105, 'precision': 0.28802039082412917, 'recall': 0.18575342465753425, 'f1': 0.22584943371085944, 'auc': 0.6641149841083649}
2024-09-23 20:12:25,534 - INFO - Classification Report:
              precision    recall  f1-score   support

           0       0.93      0.96      0.94     58484
           1       0.29      0.19      0.23      5475

    accuracy                           0.89     63959
   macro avg       0.61      0.57      0.58     63959
weighted avg       0.87      0.89      0.88     63959

2024-09-23 20:12:46,683 - INFO - Best parameters for XGBoost: {'objective': 'binary:logistic', 'base_score': None, 'booster': None, 'callbacks': None, 'colsample_bylevel': None, 'colsample_bynode': None, 'colsample_bytree': None, 'device': None, 'early_stopping_rounds': None, 'enable_categorical': False, 'eval_metric': 'logloss', 'feature_types': None, 'gamma': None, 'grow_policy': None, 'importance_type': None, 'interaction_constraints': None, 'learning_rate': 0.1, 'max_bin': None, 'max_cat_threshold': None, 'max_cat_to_onehot': None, 'max_delta_step': None, 'max_depth': 5, 'max_leaves': None, 'min_child_weight': None, 'missing': nan, 'monotone_constraints': None, 'multi_strategy': None, 'n_estimators': 200, 'n_jobs': None, 'num_parallel_tree': None, 'random_state': None, 'reg_alpha': None, 'reg_lambda': None, 'sampling_method': None, 'scale_pos_weight': None, 'subsample': None, 'tree_method': None, 'validate_parameters': None, 'verbosity': None}
2024-09-23 20:12:46,683 - INFO - Cross-validation scores for XGBoost: {'accuracy': 0.9158562525422125, 'precision': 0.5504572552688648, 'recall': 0.09183471132981091, 'f1': 0.15733199668137954, 'auc': 0.8441404789271058}
2024-09-23 20:12:46,683 - INFO - Test scores for XGBoost: {'accuracy': 0.9164777435544645, 'precision': 0.5736434108527132, 'recall': 0.09461187214611873, 'f1': 0.16243336469112574, 'auc': 0.839888315080673}
2024-09-23 20:12:47,084 - INFO - Classification Report:
              precision    recall  f1-score   support

           0       0.92      0.99      0.96     58484
           1       0.57      0.09      0.16      5475

    accuracy                           0.92     63959
   macro avg       0.75      0.54      0.56     63959
weighted avg       0.89      0.92      0.89     63959

2024-09-23 20:13:57,602 - INFO - Best parameters for LightGBM: {'boosting_type': 'gbdt', 'class_weight': None, 'colsample_bytree': 1.0, 'importance_type': 'split', 'learning_rate': 0.1, 'max_depth': -1, 'min_child_samples': 20, 'min_child_weight': 0.001, 'min_split_gain': 0.0, 'n_estimators': 200, 'n_jobs': None, 'num_leaves': 127, 'objective': None, 'random_state': None, 'reg_alpha': 0.0, 'reg_lambda': 0.0, 'subsample': 1.0, 'subsample_for_bin': 200000, 'subsample_freq': 0}
2024-09-23 20:13:57,602 - INFO - Cross-validation scores for LightGBM: {'accuracy': 0.9148673387158726, 'precision': 0.5150918385326521, 'recall': 0.09288521075577606, 'f1': 0.15734720175624767, 'auc': 0.8378600491706804}
2024-09-23 20:13:57,602 - INFO - Test scores for LightGBM: {'accuracy': 0.9160399631013618, 'precision': 0.5524475524475524, 'recall': 0.10100456621004567, 'f1': 0.1707844348363187, 'auc': 0.8355766288496655}
2024-09-23 20:13:58,153 - INFO - Classification Report:
              precision    recall  f1-score   support

           0       0.92      0.99      0.96     58484
           1       0.55      0.10      0.17      5475

    accuracy                           0.92     63959
   macro avg       0.74      0.55      0.56     63959
weighted avg       0.89      0.92      0.89     63959

2024-09-23 21:02:26,361 - INFO - Best parameters for PyTorch Neural Network: {'batch_size': 32, 'epochs': 1, 'input_dim': 17, 'learning_rate': 0.001}
2024-09-23 21:02:26,361 - INFO - Cross-validation scores for PyTorch Neural Network: {'accuracy': nan, 'precision': nan, 'recall': nan, 'f1': nan, 'auc': nan}
2024-09-23 21:02:26,361 - INFO - Test scores for PyTorch Neural Network: {'accuracy': 0.916055598117544, 'precision': 0.606, 'recall': 0.055342465753424656, 'f1': 0.10142259414225943, 'auc': 0.8329741655134808}
2024-09-23 21:02:26,856 - INFO - Classification Report:
              precision    recall  f1-score   support

           0       0.92      1.00      0.96     58484
           1       0.61      0.06      0.10      5475

    accuracy                           0.92     63959
   macro avg       0.76      0.53      0.53     63959
weighted avg       0.89      0.92      0.88     63959

2024-09-23 21:02:26,857 - INFO - 
Model Performance Comparison:
2024-09-23 21:02:26,860 - INFO - 
                 Model  CV F1  Test AUC  Test Accuracy  Test Precision  Test Recall  Test F1                                                          Best Parameters
PyTorch Neural Network    NaN  0.832974       0.916056           0.606     0.055342 0.101423 {'batch_size': 32, 'epochs': 1, 'input_dim': 17, 'learning_rate': 0.001}
